Archive member included because of file (symbol)

c:/winavr-20071221/bin/../lib/gcc/avr/4.2.2/avr6\libgcc.a(_udivmodqi4.o)
                              UART.o (__udivmodqi4)
c:/winavr-20071221/bin/../lib/gcc/avr/4.2.2/avr6\libgcc.a(_divmodhi4.o)
                              practica11.o (__divmodhi4)
c:/winavr-20071221/bin/../lib/gcc/avr/4.2.2/avr6\libgcc.a(_divmodsi4.o)
                              Timer.o (__divmodsi4)
c:/winavr-20071221/bin/../lib/gcc/avr/4.2.2/avr6\libgcc.a(_exit.o)
                              c:/winavr-20071221/bin/../lib/gcc/avr/4.2.2/../../../../avr/lib/avr6/crtm2560.o (exit)
c:/winavr-20071221/bin/../lib/gcc/avr/4.2.2/avr6\libgcc.a(_clear_bss.o)
                              practica11.o (__do_clear_bss)
c:/winavr-20071221/bin/../lib/gcc/avr/4.2.2/avr6\libgcc.a(_udivdi3.o)
                              UART.o (__udivdi3)
c:/winavr-20071221/bin/../lib/gcc/avr/4.2.2/avr6\libgcc.a(_umoddi3.o)
                              UART.o (__umoddi3)
c:/winavr-20071221/bin/../lib/gcc/avr/4.2.2/avr6\libgcc.a(_mulsi3.o)
                              c:/winavr-20071221/bin/../lib/gcc/avr/4.2.2/avr6\libgcc.a(_udivdi3.o) (__mulsi3)
c:/winavr-20071221/bin/../lib/gcc/avr/4.2.2/avr6\libgcc.a(_udivmodhi4.o)
                              c:/winavr-20071221/bin/../lib/gcc/avr/4.2.2/avr6\libgcc.a(_divmodhi4.o) (__udivmodhi4)
c:/winavr-20071221/bin/../lib/gcc/avr/4.2.2/avr6\libgcc.a(_udivmodsi4.o)
                              c:/winavr-20071221/bin/../lib/gcc/avr/4.2.2/avr6\libgcc.a(_divmodsi4.o) (__udivmodsi4)
c:/winavr-20071221/bin/../lib/gcc/avr/4.2.2/avr6\libgcc.a(_prologue.o)
                              c:/winavr-20071221/bin/../lib/gcc/avr/4.2.2/avr6\libgcc.a(_udivdi3.o) (__prologue_saves__)
c:/winavr-20071221/bin/../lib/gcc/avr/4.2.2/avr6\libgcc.a(_epilogue.o)
                              c:/winavr-20071221/bin/../lib/gcc/avr/4.2.2/avr6\libgcc.a(_udivdi3.o) (__epilogue_restores__)
c:/winavr-20071221/bin/../lib/gcc/avr/4.2.2/avr6\libgcc.a(_clz.o)
                              c:/winavr-20071221/bin/../lib/gcc/avr/4.2.2/avr6\libgcc.a(_udivdi3.o) (__clz_tab)

Allocating common symbols
Common symbol       size              file

output_queue        0x42              UART.o
input_queue         0x42              UART.o
current_song        0xc               song.o
song_cnt            0x1               practica11.o

Memory Configuration

Name             Origin             Length             Attributes
text             0x00000000         0x00100000         xr
data             0x00800060         0x0000ffa0         rw !x
eeprom           0x00810000         0x00010000         rw !x
fuse             0x00820000         0x00000400         rw !x
lock             0x00830000         0x00000400         rw !x
signature        0x00840000         0x00000400         rw !x
*default*        0x00000000         0xffffffff

Linker script and memory map

Address of section .data set to 0x800200
LOAD c:/winavr-20071221/bin/../lib/gcc/avr/4.2.2/../../../../avr/lib/avr6/crtm2560.o
LOAD practica11.o
LOAD song.o
LOAD Timer.o
LOAD UART.o
LOAD c:/winavr-20071221/bin/../lib/gcc/avr/4.2.2/avr6\libgcc.a
LOAD c:/winavr-20071221/bin/../lib/gcc/avr/4.2.2/../../../../avr/lib/avr6\libc.a
LOAD c:/winavr-20071221/bin/../lib/gcc/avr/4.2.2/avr6\libgcc.a

.hash
 *(.hash)

.dynsym
 *(.dynsym)

.dynstr
 *(.dynstr)

.gnu.version
 *(.gnu.version)

.gnu.version_d
 *(.gnu.version_d)

.gnu.version_r
 *(.gnu.version_r)

.rel.init
 *(.rel.init)

.rela.init
 *(.rela.init)

.rel.text
 *(.rel.text)
 *(.rel.text.*)
 *(.rel.gnu.linkonce.t*)

.rela.text
 *(.rela.text)
 *(.rela.text.*)
 *(.rela.gnu.linkonce.t*)

.rel.fini
 *(.rel.fini)

.rela.fini
 *(.rela.fini)

.rel.rodata
 *(.rel.rodata)
 *(.rel.rodata.*)
 *(.rel.gnu.linkonce.r*)

.rela.rodata
 *(.rela.rodata)
 *(.rela.rodata.*)
 *(.rela.gnu.linkonce.r*)

.rel.data
 *(.rel.data)
 *(.rel.data.*)
 *(.rel.gnu.linkonce.d*)

.rela.data
 *(.rela.data)
 *(.rela.data.*)
 *(.rela.gnu.linkonce.d*)

.rel.ctors
 *(.rel.ctors)

.rela.ctors
 *(.rela.ctors)

.rel.dtors
 *(.rel.dtors)

.rela.dtors
 *(.rela.dtors)

.rel.got
 *(.rel.got)

.rela.got
 *(.rela.got)

.rel.bss
 *(.rel.bss)

.rela.bss
 *(.rela.bss)

.rel.plt
 *(.rel.plt)

.rela.plt
 *(.rela.plt)

.text           0x00000000     0x3386
 *(.vectors)
 .vectors       0x00000000       0xe4 c:/winavr-20071221/bin/../lib/gcc/avr/4.2.2/../../../../avr/lib/avr6/crtm2560.o
                0x00000000                __vectors
                0x00000000                __vector_default
 *(.vectors)
 *(.progmem.gcc*)
 *(.progmem*)
 .progmem.data  0x000000e4      0xc60 song.o
                0x000008c4                Mario
                0x000001fc                AngelesAzules
                0x00000364                DragonBallGT
                0x000000e4                ImperialMarch
                0x00000560                Clocks
                0x00000d44                . = ALIGN (0x2)
                0x00000d44                __trampolines_start = .
 *(.trampolines)
 .trampolines   0x00000d44        0x0 linker stubs
 *(.trampolines*)
                0x00000d44                __trampolines_end = .
 *(.jumptables)
 *(.jumptables*)
 *(.lowtext)
 *(.lowtext*)
                0x00000d44                __ctors_start = .
 *(.ctors)
                0x00000d44                __ctors_end = .
                0x00000d44                __dtors_start = .
 *(.dtors)
                0x00000d44                __dtors_end = .
 SORT(*)(.ctors)
 SORT(*)(.dtors)
 *(.init0)
 .init0         0x00000d44        0x0 c:/winavr-20071221/bin/../lib/gcc/avr/4.2.2/../../../../avr/lib/avr6/crtm2560.o
                0x00000d44                __init
 *(.init0)
 *(.init1)
 *(.init1)
 *(.init2)
 .init2         0x00000d44       0x10 c:/winavr-20071221/bin/../lib/gcc/avr/4.2.2/../../../../avr/lib/avr6/crtm2560.o
 *(.init2)
 *(.init3)
 *(.init3)
 *(.init4)
 .init4         0x00000d54       0x1a c:/winavr-20071221/bin/../lib/gcc/avr/4.2.2/../../../../avr/lib/avr6/crtm2560.o
                0x00000d54                __do_copy_data
 .init4         0x00000d6e       0x10 c:/winavr-20071221/bin/../lib/gcc/avr/4.2.2/avr6\libgcc.a(_clear_bss.o)
                0x00000d6e                __do_clear_bss
 *(.init4)
 *(.init5)
 *(.init5)
 *(.init6)
 *(.init6)
 *(.init7)
 *(.init7)
 *(.init8)
 *(.init8)
 *(.init9)
 .init9         0x00000d7e        0x8 c:/winavr-20071221/bin/../lib/gcc/avr/4.2.2/../../../../avr/lib/avr6/crtm2560.o
 *(.init9)
 *(.text)
 .text          0x00000d86        0x4 c:/winavr-20071221/bin/../lib/gcc/avr/4.2.2/../../../../avr/lib/avr6/crtm2560.o
                0x00000d86                __vector_38
                0x00000d86                __vector_22
                0x00000d86                __vector_28
                0x00000d86                __vector_1
                0x00000d86                __vector_32
                0x00000d86                __vector_34
                0x00000d86                __vector_24
                0x00000d86                __vector_12
                0x00000d86                __vector_55
                0x00000d86                __vector_46
                0x00000d86                __bad_interrupt
                0x00000d86                __vector_6
                0x00000d86                __vector_31
                0x00000d86                __vector_35
                0x00000d86                __vector_39
                0x00000d86                __vector_3
                0x00000d86                __vector_23
                0x00000d86                __vector_30
                0x00000d86                __vector_45
                0x00000d86                __vector_11
                0x00000d86                __vector_54
                0x00000d86                __vector_13
                0x00000d86                __vector_17
                0x00000d86                __vector_19
                0x00000d86                __vector_56
                0x00000d86                __vector_7
                0x00000d86                __vector_49
                0x00000d86                __vector_41
                0x00000d86                __vector_43
                0x00000d86                __vector_27
                0x00000d86                __vector_5
                0x00000d86                __vector_33
                0x00000d86                __vector_47
                0x00000d86                __vector_52
                0x00000d86                __vector_37
                0x00000d86                __vector_4
                0x00000d86                __vector_44
                0x00000d86                __vector_51
                0x00000d86                __vector_9
                0x00000d86                __vector_2
                0x00000d86                __vector_15
                0x00000d86                __vector_36
                0x00000d86                __vector_29
                0x00000d86                __vector_40
                0x00000d86                __vector_8
                0x00000d86                __vector_48
                0x00000d86                __vector_14
                0x00000d86                __vector_53
                0x00000d86                __vector_10
                0x00000d86                __vector_50
                0x00000d86                __vector_16
                0x00000d86                __vector_18
                0x00000d86                __vector_20
                0x00000d86                __vector_42
 .text          0x00000d8a      0x298 practica11.o
                0x00000d8a                main
 .text          0x00001022        0x0 song.o
 .text          0x00001022      0x2ae Timer.o
                0x00001022                Timer0_Ini
                0x000010ee                Timer2_Freq_Gen
                0x00001044                Timer2_Play
                0x00001088                Timer2_Volume
                0x00001114                __vector_21
 .text          0x000012d0      0x56a UART.o
                0x000015c0                UART_clrscr
                0x00001414                UART_puts
                0x0000151e                UART_gotoxy
                0x000016ea                itoa
                0x00001436                UART_available
                0x0000132c                __vector_25
                0x0000148e                UART_gets
                0x0000144e                UART_getchar
                0x00001568                UART_setColor
                0x000013ba                UART_putchar
                0x000012d0                __vector_26
                0x00001390                UART0_AutoBaudRate
                0x000015da                UART_init
                0x000016ac                atoi
 .text          0x0000183a        0x0 c:/winavr-20071221/bin/../lib/gcc/avr/4.2.2/avr6\libgcc.a(_udivmodqi4.o)
 .text          0x0000183a        0x0 c:/winavr-20071221/bin/../lib/gcc/avr/4.2.2/avr6\libgcc.a(_divmodhi4.o)
 .text          0x0000183a        0x0 c:/winavr-20071221/bin/../lib/gcc/avr/4.2.2/avr6\libgcc.a(_divmodsi4.o)
 .text          0x0000183a        0x0 c:/winavr-20071221/bin/../lib/gcc/avr/4.2.2/avr6\libgcc.a(_exit.o)
 .text          0x0000183a        0x0 c:/winavr-20071221/bin/../lib/gcc/avr/4.2.2/avr6\libgcc.a(_clear_bss.o)
 .text          0x0000183a      0xd1a c:/winavr-20071221/bin/../lib/gcc/avr/4.2.2/avr6\libgcc.a(_udivdi3.o)
                0x0000183a                __udivdi3
 .text          0x00002554      0xca4 c:/winavr-20071221/bin/../lib/gcc/avr/4.2.2/avr6\libgcc.a(_umoddi3.o)
                0x00002554                __umoddi3
 .text          0x000031f8        0x0 c:/winavr-20071221/bin/../lib/gcc/avr/4.2.2/avr6\libgcc.a(_mulsi3.o)
 .text          0x000031f8        0x0 c:/winavr-20071221/bin/../lib/gcc/avr/4.2.2/avr6\libgcc.a(_udivmodhi4.o)
 .text          0x000031f8        0x0 c:/winavr-20071221/bin/../lib/gcc/avr/4.2.2/avr6\libgcc.a(_udivmodsi4.o)
 .text          0x000031f8        0x0 c:/winavr-20071221/bin/../lib/gcc/avr/4.2.2/avr6\libgcc.a(_prologue.o)
 .text          0x000031f8        0x0 c:/winavr-20071221/bin/../lib/gcc/avr/4.2.2/avr6\libgcc.a(_epilogue.o)
 .text          0x000031f8        0x0 c:/winavr-20071221/bin/../lib/gcc/avr/4.2.2/avr6\libgcc.a(_clz.o)
                0x000031f8                . = ALIGN (0x2)
 *(.text.*)
 .text.libgcc   0x000031f8       0x18 c:/winavr-20071221/bin/../lib/gcc/avr/4.2.2/avr6\libgcc.a(_udivmodqi4.o)
                0x000031f8                __udivmodqi4
 .text.libgcc   0x00003210       0x26 c:/winavr-20071221/bin/../lib/gcc/avr/4.2.2/avr6\libgcc.a(_divmodhi4.o)
                0x00003210                __divmodhi4
                0x00003210                _div
 .text.libgcc   0x00003236       0x36 c:/winavr-20071221/bin/../lib/gcc/avr/4.2.2/avr6\libgcc.a(_divmodsi4.o)
                0x00003236                __divmodsi4
 .text.libgcc   0x0000326c        0x0 c:/winavr-20071221/bin/../lib/gcc/avr/4.2.2/avr6\libgcc.a(_exit.o)
 .text.libgcc   0x0000326c        0x0 c:/winavr-20071221/bin/../lib/gcc/avr/4.2.2/avr6\libgcc.a(_clear_bss.o)
 .text.libgcc   0x0000326c       0x3e c:/winavr-20071221/bin/../lib/gcc/avr/4.2.2/avr6\libgcc.a(_mulsi3.o)
                0x0000326c                __mulsi3
 .text.libgcc   0x000032aa       0x28 c:/winavr-20071221/bin/../lib/gcc/avr/4.2.2/avr6\libgcc.a(_udivmodhi4.o)
                0x000032aa                __udivmodhi4
 .text.libgcc   0x000032d2       0x44 c:/winavr-20071221/bin/../lib/gcc/avr/4.2.2/avr6\libgcc.a(_udivmodsi4.o)
                0x000032d2                __udivmodsi4
 .text.libgcc   0x00003316       0x38 c:/winavr-20071221/bin/../lib/gcc/avr/4.2.2/avr6\libgcc.a(_prologue.o)
                0x00003316                __prologue_saves__
 .text.libgcc   0x0000334e       0x36 c:/winavr-20071221/bin/../lib/gcc/avr/4.2.2/avr6\libgcc.a(_epilogue.o)
                0x0000334e                __epilogue_restores__
                0x00003384                . = ALIGN (0x2)
 *(.fini9)
 .fini9         0x00003384        0x0 c:/winavr-20071221/bin/../lib/gcc/avr/4.2.2/avr6\libgcc.a(_exit.o)
                0x00003384                exit
                0x00003384                _exit
 *(.fini9)
 *(.fini8)
 *(.fini8)
 *(.fini7)
 *(.fini7)
 *(.fini6)
 *(.fini6)
 *(.fini5)
 *(.fini5)
 *(.fini4)
 *(.fini4)
 *(.fini3)
 *(.fini3)
 *(.fini2)
 *(.fini2)
 *(.fini1)
 *(.fini1)
 *(.fini0)
 .fini0         0x00003384        0x2 c:/winavr-20071221/bin/../lib/gcc/avr/4.2.2/avr6\libgcc.a(_exit.o)
 *(.fini0)
                0x00003386                _etext = .

.data           0x00800200      0x1c4 load address 0x00003386
                0x00800200                PROVIDE (__data_start, .)
 *(.data)
 .data          0x00800200        0x0 c:/winavr-20071221/bin/../lib/gcc/avr/4.2.2/../../../../avr/lib/avr6/crtm2560.o
 .data          0x00800200       0x90 practica11.o
 .data          0x00800290       0x15 song.o
                0x0080029a                songs_size
                0x00800290                playlist
                0x008002a4                songs_counter
 .data          0x008002a5        0x6 Timer.o
                0x008002a5                volume
 .data          0x008002ab       0x18 UART.o
 .data          0x008002c3        0x0 c:/winavr-20071221/bin/../lib/gcc/avr/4.2.2/avr6\libgcc.a(_udivmodqi4.o)
 .data          0x008002c3        0x0 c:/winavr-20071221/bin/../lib/gcc/avr/4.2.2/avr6\libgcc.a(_divmodhi4.o)
 .data          0x008002c3        0x0 c:/winavr-20071221/bin/../lib/gcc/avr/4.2.2/avr6\libgcc.a(_divmodsi4.o)
 .data          0x008002c3        0x0 c:/winavr-20071221/bin/../lib/gcc/avr/4.2.2/avr6\libgcc.a(_exit.o)
 .data          0x008002c3        0x0 c:/winavr-20071221/bin/../lib/gcc/avr/4.2.2/avr6\libgcc.a(_clear_bss.o)
 .data          0x008002c3        0x0 c:/winavr-20071221/bin/../lib/gcc/avr/4.2.2/avr6\libgcc.a(_udivdi3.o)
 .data          0x008002c3        0x0 c:/winavr-20071221/bin/../lib/gcc/avr/4.2.2/avr6\libgcc.a(_umoddi3.o)
 .data          0x008002c3        0x0 c:/winavr-20071221/bin/../lib/gcc/avr/4.2.2/avr6\libgcc.a(_mulsi3.o)
 .data          0x008002c3        0x0 c:/winavr-20071221/bin/../lib/gcc/avr/4.2.2/avr6\libgcc.a(_udivmodhi4.o)
 .data          0x008002c3        0x0 c:/winavr-20071221/bin/../lib/gcc/avr/4.2.2/avr6\libgcc.a(_udivmodsi4.o)
 .data          0x008002c3        0x0 c:/winavr-20071221/bin/../lib/gcc/avr/4.2.2/avr6\libgcc.a(_prologue.o)
 .data          0x008002c3        0x0 c:/winavr-20071221/bin/../lib/gcc/avr/4.2.2/avr6\libgcc.a(_epilogue.o)
 .data          0x008002c3      0x100 c:/winavr-20071221/bin/../lib/gcc/avr/4.2.2/avr6\libgcc.a(_clz.o)
                0x008002c3                __clz_tab
 *(.data*)
 *(.rodata)
 *(.rodata*)
 *(.gnu.linkonce.d*)
                0x008003c4                . = ALIGN (0x2)
 *fill*         0x008003c3        0x1 00
                0x008003c4                _edata = .
                0x008003c4                PROVIDE (__data_end, .)

.bss            0x008003c4       0xa2 load address 0x0000354a
                0x008003c4                PROVIDE (__bss_start, .)
 *(.bss)
 .bss           0x008003c4        0x0 c:/winavr-20071221/bin/../lib/gcc/avr/4.2.2/../../../../avr/lib/avr6/crtm2560.o
 .bss           0x008003c4        0x0 practica11.o
 .bss           0x008003c4        0x1 song.o
                0x008003c4                song_idx
 .bss           0x008003c5        0xe Timer.o
                0x008003d1                pause
                0x008003cd                played_notes
                0x008003c9                silence_start
                0x008003c5                ms
                0x008003cf                play
                0x008003d0                volume_idx
                0x008003d2                first
 .bss           0x008003d3        0x2 UART.o
 .bss           0x008003d5        0x0 c:/winavr-20071221/bin/../lib/gcc/avr/4.2.2/avr6\libgcc.a(_udivmodqi4.o)
 .bss           0x008003d5        0x0 c:/winavr-20071221/bin/../lib/gcc/avr/4.2.2/avr6\libgcc.a(_divmodhi4.o)
 .bss           0x008003d5        0x0 c:/winavr-20071221/bin/../lib/gcc/avr/4.2.2/avr6\libgcc.a(_divmodsi4.o)
 .bss           0x008003d5        0x0 c:/winavr-20071221/bin/../lib/gcc/avr/4.2.2/avr6\libgcc.a(_exit.o)
 .bss           0x008003d5        0x0 c:/winavr-20071221/bin/../lib/gcc/avr/4.2.2/avr6\libgcc.a(_clear_bss.o)
 .bss           0x008003d5        0x0 c:/winavr-20071221/bin/../lib/gcc/avr/4.2.2/avr6\libgcc.a(_udivdi3.o)
 .bss           0x008003d5        0x0 c:/winavr-20071221/bin/../lib/gcc/avr/4.2.2/avr6\libgcc.a(_umoddi3.o)
 .bss           0x008003d5        0x0 c:/winavr-20071221/bin/../lib/gcc/avr/4.2.2/avr6\libgcc.a(_mulsi3.o)
 .bss           0x008003d5        0x0 c:/winavr-20071221/bin/../lib/gcc/avr/4.2.2/avr6\libgcc.a(_udivmodhi4.o)
 .bss           0x008003d5        0x0 c:/winavr-20071221/bin/../lib/gcc/avr/4.2.2/avr6\libgcc.a(_udivmodsi4.o)
 .bss           0x008003d5        0x0 c:/winavr-20071221/bin/../lib/gcc/avr/4.2.2/avr6\libgcc.a(_prologue.o)
 .bss           0x008003d5        0x0 c:/winavr-20071221/bin/../lib/gcc/avr/4.2.2/avr6\libgcc.a(_epilogue.o)
 .bss           0x008003d5        0x0 c:/winavr-20071221/bin/../lib/gcc/avr/4.2.2/avr6\libgcc.a(_clz.o)
 *(.bss*)
 *(COMMON)
 COMMON         0x008003d5        0x1 practica11.o
                0x008003d5                song_cnt
 COMMON         0x008003d6        0xc song.o
                0x008003d6                current_song
 COMMON         0x008003e2       0x84 UART.o
                0x008003e2                output_queue
                0x00800424                input_queue
                0x00800466                PROVIDE (__bss_end, .)
                0x00003386                __data_load_start = LOADADDR (.data)
                0x0000354a                __data_load_end = (__data_load_start + SIZEOF (.data))

.noinit         0x00800466        0x0
                0x00800466                PROVIDE (__noinit_start, .)
 *(.noinit*)
                0x00800466                PROVIDE (__noinit_end, .)
                0x00800466                _end = .
                0x00800466                PROVIDE (__heap_start, .)

.eeprom         0x00810000        0x0
 *(.eeprom*)
                0x00810000                __eeprom_end = .

.fuse
 *(.fuse)
 *(.lfuse)
 *(.hfuse)
 *(.efuse)

.lock
 *(.lock*)

.signature
 *(.signature*)

.stab           0x00000000      0x42c
 *(.stab)
 .stab          0x00000000      0x42c c:/winavr-20071221/bin/../lib/gcc/avr/4.2.2/../../../../avr/lib/avr6/crtm2560.o

.stabstr        0x00000000       0x5f
 *(.stabstr)
 .stabstr       0x00000000       0x5f c:/winavr-20071221/bin/../lib/gcc/avr/4.2.2/../../../../avr/lib/avr6/crtm2560.o

.stab.excl
 *(.stab.excl)

.stab.exclstr
 *(.stab.exclstr)

.stab.index
 *(.stab.index)

.stab.indexstr
 *(.stab.indexstr)

.comment
 *(.comment)

.debug
 *(.debug)

.line
 *(.line)

.debug_srcinfo
 *(.debug_srcinfo)

.debug_sfnames
 *(.debug_sfnames)

.debug_aranges  0x00000000       0x60
 *(.debug_aranges)
 .debug_aranges
                0x00000000       0x20 practica11.o
 .debug_aranges
                0x00000020       0x20 Timer.o
 .debug_aranges
                0x00000040       0x20 UART.o

.debug_pubnames
                0x00000000      0x2bf
 *(.debug_pubnames)
 .debug_pubnames
                0x00000000       0x28 practica11.o
 .debug_pubnames
                0x00000028       0xb5 song.o
 .debug_pubnames
                0x000000dd       0xd5 Timer.o
 .debug_pubnames
                0x000001b2      0x10d UART.o

.debug_info     0x00000000      0xc44
 *(.debug_info)
 .debug_info    0x00000000      0x154 practica11.o
 .debug_info    0x00000154      0x285 song.o
 .debug_info    0x000003d9      0x364 Timer.o
 .debug_info    0x0000073d      0x507 UART.o
 *(.gnu.linkonce.wi.*)

.debug_abbrev   0x00000000      0x46b
 *(.debug_abbrev)
 .debug_abbrev  0x00000000       0xc0 practica11.o
 .debug_abbrev  0x000000c0       0xab song.o
 .debug_abbrev  0x0000016b      0x12f Timer.o
 .debug_abbrev  0x0000029a      0x1d1 UART.o

.debug_line     0x00000000      0x98b
 *(.debug_line)
 .debug_line    0x00000000      0x1e6 practica11.o
 .debug_line    0x000001e6       0xc6 song.o
 .debug_line    0x000002ac      0x273 Timer.o
 .debug_line    0x0000051f      0x46c UART.o

.debug_frame    0x00000000      0x170
 *(.debug_frame)
 .debug_frame   0x00000000       0x20 practica11.o
 .debug_frame   0x00000020       0x60 Timer.o
 .debug_frame   0x00000080       0xf0 UART.o

.debug_str      0x00000000      0x393
 *(.debug_str)
 .debug_str     0x00000000       0xe9 practica11.o
                                0x122 (size before relaxing)
 .debug_str     0x000000e9       0x9f song.o
                                0x1ab (size before relaxing)
 .debug_str     0x00000188       0xac Timer.o
                                0x1f8 (size before relaxing)
 .debug_str     0x00000234      0x15f UART.o
                                0x23b (size before relaxing)

.debug_loc      0x00000000      0x4f6
 *(.debug_loc)
 .debug_loc     0x00000000      0x10f Timer.o
 .debug_loc     0x0000010f      0x3e7 UART.o

.debug_macinfo
 *(.debug_macinfo)
OUTPUT(practica11.elf elf32-avr)
LOAD linker stubs
